[stratila.com/envato/event/preview/index2.html]
[backblue.gif]
[fade.gif]
[index.html]
[stratila.com/envato/event/preview/css/bootstrap.css]
[stratila.com/envato/event/preview/css/style2.css]
[stratila.com/envato/event/preview/css/animate.min.css]
[stratila.com/envato/event/preview/css/font-awesome.css]
[stratila.com/envato/event/preview/css/owl.carousel.css]
[stratila.com/envato/event/preview/css/flexslider.css]
[stratila.com/envato/event/preview/css/fancySelect.css]
[stratila.com/envato/event/preview/css/responsive.css]
[stratila.com/envato/event/preview/images/demo/slide-01.jpg]
[stratila.com/envato/event/preview/images/demo/speakers/speaker-01.jpg]
[stratila.com/envato/event/preview/images/demo/slide-02.jpg]
[stratila.com/envato/event/preview/images/demo/speakers/speaker-02.jpg]
[stratila.com/envato/event/preview/images/demo/speakers/speaker-03.jpg]
[stratila.com/envato/event/preview/images/demo/speakers/speaker-04.jpg]
[stratila.com/envato/event/preview/images/demo/speakers/speaker-05.jpg]
[stratila.com/envato/event/preview/images/demo/speakers/speaker-06.jpg]
[stratila.com/envato/event/preview/images/demo/partners/logo-01.png]
[stratila.com/envato/event/preview/images/demo/partners/logo-02.png]
[stratila.com/envato/event/preview/images/demo/partners/logo-03.png]
[stratila.com/envato/event/preview/images/demo/partners/logo-04.png]
[stratila.com/envato/event/preview/images/demo/partners/logo-05.png]
[stratila.com/envato/event/preview/images/demo/bg-slide-02.jpg]
[stratila.com/envato/event/preview/images/demo/partners/logo-06.png]
[stratila.com/envato/event/preview/js/bootstrap.min.js]
[stratila.com/envato/event/preview/js/jquery.scrollTo.js]
[stratila.com/envato/event/preview/js/jquery.nav.js]
[stratila.com/envato/event/preview/js/owl.carousel.min.js]
[stratila.com/envato/event/preview/js/jquery.accordion.js]
[stratila.com/envato/event/preview/js/jquery-2.1.0.min.js]
[stratila.com/envato/event/preview/js/jquery.flexslider.js]
[stratila.com/envato/event/preview/images/demo/bg-slide-01.jpg]
[stratila.com/envato/event/preview/js/jquery.placeholder.js]
[stratila.com/envato/event/preview/js/jquery.fitvids.js]
[stratila.com/envato/event/preview/js/gmap3.js]
[stratila.com/envato/event/preview/js/fancySelect.js]
[stratila.com/envato/event/preview/js/main.js]
[www.google-analytics.com/analytics.js]
[stratila.com/envato/event/preview/index2.html]
[stratila.com/envato/event/preview/css/bootstrap.css]
[stratila.com/envato/event/preview/images/ul.png]
[stratila.com/envato/event/preview/css/style2.css]
[stratila.com/envato/event/preview/css/animate.min.css]
[stratila.com/envato/event/preview/images/bg.png]
[stratila.com/envato/event/preview/css/fonts/fontawesome-webfontba72.eot]
[stratila.com/envato/event/preview/css/fonts/fontawesome-webfontd41d.eot]
[stratila.com/envato/event/preview/css/fonts/fontawesome-webfontba72.woff]
[stratila.com/envato/event/preview/css/fonts/fontawesome-webfontba72.ttf]
[stratila.com/envato/event/preview/css/font-awesome.css]
[stratila.com/envato/event/preview/css/owl.carousel.css]
[stratila.com/envato/event/preview/css/flexslider.css]
[stratila.com/envato/event/preview/css/fancySelect.css]
[stratila.com/envato/event/preview/css/responsive.css]
[stratila.com/envato/event/preview/css/fonts/fontawesome-webfontba72.svg]
[stratila.com/envato/event/preview/css/grabbing.html]
[stratila.com/envato/event/preview/css/fonts/flexslider-icon.html]
[stratila.com/envato/event/preview/css/fonts/flexslider-icond41d.html]
[stratila.com/envato/event/preview/css/fonts/flexslider-icon-2.html]
[stratila.com/envato/event/preview/css/fonts/flexslider-icon-3.html]
[stratila.com/envato/event/preview/css/fonts/flexslider-icon-4.html]
